---
source: server/src/webhook/parse.rs
expression: event
snapshot_kind: text
---
WebhookEvent {
    sender: Some(
        Author {
            login: "scuffle-brawl[bot]",
            id: UserId(
                191062277,
            ),
            node_id: "BOT_kgDOC2NhBQ",
            avatar_url: Url {
                scheme: "https",
                cannot_be_a_base: false,
                username: "",
                password: None,
                host: Some(
                    Domain(
                        "avatars.githubusercontent.com",
                    ),
                ),
                port: None,
                path: "/in/1081680",
                query: Some(
                    "v=4",
                ),
                fragment: None,
            },
            gravatar_id: "",
            url: Url {
                scheme: "https",
                cannot_be_a_base: false,
                username: "",
                password: None,
                host: Some(
                    Domain(
                        "api.github.com",
                    ),
                ),
                port: None,
                path: "/users/scuffle-brawl%5Bbot%5D",
                query: None,
                fragment: None,
            },
            html_url: Url {
                scheme: "https",
                cannot_be_a_base: false,
                username: "",
                password: None,
                host: Some(
                    Domain(
                        "github.com",
                    ),
                ),
                port: None,
                path: "/apps/scuffle-brawl",
                query: None,
                fragment: None,
            },
            followers_url: Url {
                scheme: "https",
                cannot_be_a_base: false,
                username: "",
                password: None,
                host: Some(
                    Domain(
                        "api.github.com",
                    ),
                ),
                port: None,
                path: "/users/scuffle-brawl%5Bbot%5D/followers",
                query: None,
                fragment: None,
            },
            following_url: Url {
                scheme: "https",
                cannot_be_a_base: false,
                username: "",
                password: None,
                host: Some(
                    Domain(
                        "api.github.com",
                    ),
                ),
                port: None,
                path: "/users/scuffle-brawl%5Bbot%5D/following%7B/other_user%7D",
                query: None,
                fragment: None,
            },
            gists_url: Url {
                scheme: "https",
                cannot_be_a_base: false,
                username: "",
                password: None,
                host: Some(
                    Domain(
                        "api.github.com",
                    ),
                ),
                port: None,
                path: "/users/scuffle-brawl%5Bbot%5D/gists%7B/gist_id%7D",
                query: None,
                fragment: None,
            },
            starred_url: Url {
                scheme: "https",
                cannot_be_a_base: false,
                username: "",
                password: None,
                host: Some(
                    Domain(
                        "api.github.com",
                    ),
                ),
                port: None,
                path: "/users/scuffle-brawl%5Bbot%5D/starred%7B/owner%7D%7B/repo%7D",
                query: None,
                fragment: None,
            },
            subscriptions_url: Url {
                scheme: "https",
                cannot_be_a_base: false,
                username: "",
                password: None,
                host: Some(
                    Domain(
                        "api.github.com",
                    ),
                ),
                port: None,
                path: "/users/scuffle-brawl%5Bbot%5D/subscriptions",
                query: None,
                fragment: None,
            },
            organizations_url: Url {
                scheme: "https",
                cannot_be_a_base: false,
                username: "",
                password: None,
                host: Some(
                    Domain(
                        "api.github.com",
                    ),
                ),
                port: None,
                path: "/users/scuffle-brawl%5Bbot%5D/orgs",
                query: None,
                fragment: None,
            },
            repos_url: Url {
                scheme: "https",
                cannot_be_a_base: false,
                username: "",
                password: None,
                host: Some(
                    Domain(
                        "api.github.com",
                    ),
                ),
                port: None,
                path: "/users/scuffle-brawl%5Bbot%5D/repos",
                query: None,
                fragment: None,
            },
            events_url: Url {
                scheme: "https",
                cannot_be_a_base: false,
                username: "",
                password: None,
                host: Some(
                    Domain(
                        "api.github.com",
                    ),
                ),
                port: None,
                path: "/users/scuffle-brawl%5Bbot%5D/events%7B/privacy%7D",
                query: None,
                fragment: None,
            },
            received_events_url: Url {
                scheme: "https",
                cannot_be_a_base: false,
                username: "",
                password: None,
                host: Some(
                    Domain(
                        "api.github.com",
                    ),
                ),
                port: None,
                path: "/users/scuffle-brawl%5Bbot%5D/received_events",
                query: None,
                fragment: None,
            },
            type: "Bot",
            site_admin: false,
            patch_url: None,
            email: None,
        },
    ),
    repository: Some(
        Repository {
            id: RepositoryId(
                899726767,
            ),
            node_id: Some(
                "R_kgDONaC9rw",
            ),
            name: "ci-testing",
            full_name: Some(
                "ScuffleCloud/ci-testing",
            ),
            owner: Some(
                Author {
                    login: "ScuffleCloud",
                    id: UserId(
                        122814584,
                    ),
                    node_id: "O_kgDOB1IAeA",
                    avatar_url: Url {
                        scheme: "https",
                        cannot_be_a_base: false,
                        username: "",
                        password: None,
                        host: Some(
                            Domain(
                                "avatars.githubusercontent.com",
                            ),
                        ),
                        port: None,
                        path: "/u/122814584",
                        query: Some(
                            "v=4",
                        ),
                        fragment: None,
                    },
                    gravatar_id: "",
                    url: Url {
                        scheme: "https",
                        cannot_be_a_base: false,
                        username: "",
                        password: None,
                        host: Some(
                            Domain(
                                "api.github.com",
                            ),
                        ),
                        port: None,
                        path: "/users/ScuffleCloud",
                        query: None,
                        fragment: None,
                    },
                    html_url: Url {
                        scheme: "https",
                        cannot_be_a_base: false,
                        username: "",
                        password: None,
                        host: Some(
                            Domain(
                                "github.com",
                            ),
                        ),
                        port: None,
                        path: "/ScuffleCloud",
                        query: None,
                        fragment: None,
                    },
                    followers_url: Url {
                        scheme: "https",
                        cannot_be_a_base: false,
                        username: "",
                        password: None,
                        host: Some(
                            Domain(
                                "api.github.com",
                            ),
                        ),
                        port: None,
                        path: "/users/ScuffleCloud/followers",
                        query: None,
                        fragment: None,
                    },
                    following_url: Url {
                        scheme: "https",
                        cannot_be_a_base: false,
                        username: "",
                        password: None,
                        host: Some(
                            Domain(
                                "api.github.com",
                            ),
                        ),
                        port: None,
                        path: "/users/ScuffleCloud/following%7B/other_user%7D",
                        query: None,
                        fragment: None,
                    },
                    gists_url: Url {
                        scheme: "https",
                        cannot_be_a_base: false,
                        username: "",
                        password: None,
                        host: Some(
                            Domain(
                                "api.github.com",
                            ),
                        ),
                        port: None,
                        path: "/users/ScuffleCloud/gists%7B/gist_id%7D",
                        query: None,
                        fragment: None,
                    },
                    starred_url: Url {
                        scheme: "https",
                        cannot_be_a_base: false,
                        username: "",
                        password: None,
                        host: Some(
                            Domain(
                                "api.github.com",
                            ),
                        ),
                        port: None,
                        path: "/users/ScuffleCloud/starred%7B/owner%7D%7B/repo%7D",
                        query: None,
                        fragment: None,
                    },
                    subscriptions_url: Url {
                        scheme: "https",
                        cannot_be_a_base: false,
                        username: "",
                        password: None,
                        host: Some(
                            Domain(
                                "api.github.com",
                            ),
                        ),
                        port: None,
                        path: "/users/ScuffleCloud/subscriptions",
                        query: None,
                        fragment: None,
                    },
                    organizations_url: Url {
                        scheme: "https",
                        cannot_be_a_base: false,
                        username: "",
                        password: None,
                        host: Some(
                            Domain(
                                "api.github.com",
                            ),
                        ),
                        port: None,
                        path: "/users/ScuffleCloud/orgs",
                        query: None,
                        fragment: None,
                    },
                    repos_url: Url {
                        scheme: "https",
                        cannot_be_a_base: false,
                        username: "",
                        password: None,
                        host: Some(
                            Domain(
                                "api.github.com",
                            ),
                        ),
                        port: None,
                        path: "/users/ScuffleCloud/repos",
                        query: None,
                        fragment: None,
                    },
                    events_url: Url {
                        scheme: "https",
                        cannot_be_a_base: false,
                        username: "",
                        password: None,
                        host: Some(
                            Domain(
                                "api.github.com",
                            ),
                        ),
                        port: None,
                        path: "/users/ScuffleCloud/events%7B/privacy%7D",
                        query: None,
                        fragment: None,
                    },
                    received_events_url: Url {
                        scheme: "https",
                        cannot_be_a_base: false,
                        username: "",
                        password: None,
                        host: Some(
                            Domain(
                                "api.github.com",
                            ),
                        ),
                        port: None,
                        path: "/users/ScuffleCloud/received_events",
                        query: None,
                        fragment: None,
                    },
                    type: "Organization",
                    site_admin: false,
                    patch_url: None,
                    email: None,
                },
            ),
            private: Some(
                false,
            ),
            html_url: Some(
                Url {
                    scheme: "https",
                    cannot_be_a_base: false,
                    username: "",
                    password: None,
                    host: Some(
                        Domain(
                            "github.com",
                        ),
                    ),
                    port: None,
                    path: "/ScuffleCloud/ci-testing",
                    query: None,
                    fragment: None,
                },
            ),
            description: Some(
                "repo used to test ci design ",
            ),
            fork: Some(
                false,
            ),
            url: Url {
                scheme: "https",
                cannot_be_a_base: false,
                username: "",
                password: None,
                host: Some(
                    Domain(
                        "api.github.com",
                    ),
                ),
                port: None,
                path: "/repos/ScuffleCloud/ci-testing",
                query: None,
                fragment: None,
            },
            archive_url: Some(
                Url {
                    scheme: "https",
                    cannot_be_a_base: false,
                    username: "",
                    password: None,
                    host: Some(
                        Domain(
                            "api.github.com",
                        ),
                    ),
                    port: None,
                    path: "/repos/ScuffleCloud/ci-testing/%7Barchive_format%7D%7B/ref%7D",
                    query: None,
                    fragment: None,
                },
            ),
            assignees_url: Some(
                Url {
                    scheme: "https",
                    cannot_be_a_base: false,
                    username: "",
                    password: None,
                    host: Some(
                        Domain(
                            "api.github.com",
                        ),
                    ),
                    port: None,
                    path: "/repos/ScuffleCloud/ci-testing/assignees%7B/user%7D",
                    query: None,
                    fragment: None,
                },
            ),
            blobs_url: Some(
                Url {
                    scheme: "https",
                    cannot_be_a_base: false,
                    username: "",
                    password: None,
                    host: Some(
                        Domain(
                            "api.github.com",
                        ),
                    ),
                    port: None,
                    path: "/repos/ScuffleCloud/ci-testing/git/blobs%7B/sha%7D",
                    query: None,
                    fragment: None,
                },
            ),
            branches_url: Some(
                Url {
                    scheme: "https",
                    cannot_be_a_base: false,
                    username: "",
                    password: None,
                    host: Some(
                        Domain(
                            "api.github.com",
                        ),
                    ),
                    port: None,
                    path: "/repos/ScuffleCloud/ci-testing/branches%7B/branch%7D",
                    query: None,
                    fragment: None,
                },
            ),
            collaborators_url: Some(
                Url {
                    scheme: "https",
                    cannot_be_a_base: false,
                    username: "",
                    password: None,
                    host: Some(
                        Domain(
                            "api.github.com",
                        ),
                    ),
                    port: None,
                    path: "/repos/ScuffleCloud/ci-testing/collaborators%7B/collaborator%7D",
                    query: None,
                    fragment: None,
                },
            ),
            comments_url: Some(
                Url {
                    scheme: "https",
                    cannot_be_a_base: false,
                    username: "",
                    password: None,
                    host: Some(
                        Domain(
                            "api.github.com",
                        ),
                    ),
                    port: None,
                    path: "/repos/ScuffleCloud/ci-testing/comments%7B/number%7D",
                    query: None,
                    fragment: None,
                },
            ),
            commits_url: Some(
                Url {
                    scheme: "https",
                    cannot_be_a_base: false,
                    username: "",
                    password: None,
                    host: Some(
                        Domain(
                            "api.github.com",
                        ),
                    ),
                    port: None,
                    path: "/repos/ScuffleCloud/ci-testing/commits%7B/sha%7D",
                    query: None,
                    fragment: None,
                },
            ),
            compare_url: Some(
                Url {
                    scheme: "https",
                    cannot_be_a_base: false,
                    username: "",
                    password: None,
                    host: Some(
                        Domain(
                            "api.github.com",
                        ),
                    ),
                    port: None,
                    path: "/repos/ScuffleCloud/ci-testing/compare/%7Bbase%7D...%7Bhead%7D",
                    query: None,
                    fragment: None,
                },
            ),
            contents_url: Some(
                Url {
                    scheme: "https",
                    cannot_be_a_base: false,
                    username: "",
                    password: None,
                    host: Some(
                        Domain(
                            "api.github.com",
                        ),
                    ),
                    port: None,
                    path: "/repos/ScuffleCloud/ci-testing/contents/%7B+path%7D",
                    query: None,
                    fragment: None,
                },
            ),
            contributors_url: Some(
                Url {
                    scheme: "https",
                    cannot_be_a_base: false,
                    username: "",
                    password: None,
                    host: Some(
                        Domain(
                            "api.github.com",
                        ),
                    ),
                    port: None,
                    path: "/repos/ScuffleCloud/ci-testing/contributors",
                    query: None,
                    fragment: None,
                },
            ),
            deployments_url: Some(
                Url {
                    scheme: "https",
                    cannot_be_a_base: false,
                    username: "",
                    password: None,
                    host: Some(
                        Domain(
                            "api.github.com",
                        ),
                    ),
                    port: None,
                    path: "/repos/ScuffleCloud/ci-testing/deployments",
                    query: None,
                    fragment: None,
                },
            ),
            downloads_url: Some(
                Url {
                    scheme: "https",
                    cannot_be_a_base: false,
                    username: "",
                    password: None,
                    host: Some(
                        Domain(
                            "api.github.com",
                        ),
                    ),
                    port: None,
                    path: "/repos/ScuffleCloud/ci-testing/downloads",
                    query: None,
                    fragment: None,
                },
            ),
            events_url: Some(
                Url {
                    scheme: "https",
                    cannot_be_a_base: false,
                    username: "",
                    password: None,
                    host: Some(
                        Domain(
                            "api.github.com",
                        ),
                    ),
                    port: None,
                    path: "/repos/ScuffleCloud/ci-testing/events",
                    query: None,
                    fragment: None,
                },
            ),
            forks_url: Some(
                Url {
                    scheme: "https",
                    cannot_be_a_base: false,
                    username: "",
                    password: None,
                    host: Some(
                        Domain(
                            "api.github.com",
                        ),
                    ),
                    port: None,
                    path: "/repos/ScuffleCloud/ci-testing/forks",
                    query: None,
                    fragment: None,
                },
            ),
            git_commits_url: Some(
                Url {
                    scheme: "https",
                    cannot_be_a_base: false,
                    username: "",
                    password: None,
                    host: Some(
                        Domain(
                            "api.github.com",
                        ),
                    ),
                    port: None,
                    path: "/repos/ScuffleCloud/ci-testing/git/commits%7B/sha%7D",
                    query: None,
                    fragment: None,
                },
            ),
            git_refs_url: Some(
                Url {
                    scheme: "https",
                    cannot_be_a_base: false,
                    username: "",
                    password: None,
                    host: Some(
                        Domain(
                            "api.github.com",
                        ),
                    ),
                    port: None,
                    path: "/repos/ScuffleCloud/ci-testing/git/refs%7B/sha%7D",
                    query: None,
                    fragment: None,
                },
            ),
            git_tags_url: Some(
                Url {
                    scheme: "https",
                    cannot_be_a_base: false,
                    username: "",
                    password: None,
                    host: Some(
                        Domain(
                            "api.github.com",
                        ),
                    ),
                    port: None,
                    path: "/repos/ScuffleCloud/ci-testing/git/tags%7B/sha%7D",
                    query: None,
                    fragment: None,
                },
            ),
            git_url: Some(
                Url {
                    scheme: "git",
                    cannot_be_a_base: false,
                    username: "",
                    password: None,
                    host: Some(
                        Domain(
                            "github.com",
                        ),
                    ),
                    port: None,
                    path: "/ScuffleCloud/ci-testing.git",
                    query: None,
                    fragment: None,
                },
            ),
            issue_comment_url: Some(
                Url {
                    scheme: "https",
                    cannot_be_a_base: false,
                    username: "",
                    password: None,
                    host: Some(
                        Domain(
                            "api.github.com",
                        ),
                    ),
                    port: None,
                    path: "/repos/ScuffleCloud/ci-testing/issues/comments%7B/number%7D",
                    query: None,
                    fragment: None,
                },
            ),
            issue_events_url: Some(
                Url {
                    scheme: "https",
                    cannot_be_a_base: false,
                    username: "",
                    password: None,
                    host: Some(
                        Domain(
                            "api.github.com",
                        ),
                    ),
                    port: None,
                    path: "/repos/ScuffleCloud/ci-testing/issues/events%7B/number%7D",
                    query: None,
                    fragment: None,
                },
            ),
            issues_url: Some(
                Url {
                    scheme: "https",
                    cannot_be_a_base: false,
                    username: "",
                    password: None,
                    host: Some(
                        Domain(
                            "api.github.com",
                        ),
                    ),
                    port: None,
                    path: "/repos/ScuffleCloud/ci-testing/issues%7B/number%7D",
                    query: None,
                    fragment: None,
                },
            ),
            keys_url: Some(
                Url {
                    scheme: "https",
                    cannot_be_a_base: false,
                    username: "",
                    password: None,
                    host: Some(
                        Domain(
                            "api.github.com",
                        ),
                    ),
                    port: None,
                    path: "/repos/ScuffleCloud/ci-testing/keys%7B/key_id%7D",
                    query: None,
                    fragment: None,
                },
            ),
            labels_url: Some(
                Url {
                    scheme: "https",
                    cannot_be_a_base: false,
                    username: "",
                    password: None,
                    host: Some(
                        Domain(
                            "api.github.com",
                        ),
                    ),
                    port: None,
                    path: "/repos/ScuffleCloud/ci-testing/labels%7B/name%7D",
                    query: None,
                    fragment: None,
                },
            ),
            languages_url: Some(
                Url {
                    scheme: "https",
                    cannot_be_a_base: false,
                    username: "",
                    password: None,
                    host: Some(
                        Domain(
                            "api.github.com",
                        ),
                    ),
                    port: None,
                    path: "/repos/ScuffleCloud/ci-testing/languages",
                    query: None,
                    fragment: None,
                },
            ),
            merges_url: Some(
                Url {
                    scheme: "https",
                    cannot_be_a_base: false,
                    username: "",
                    password: None,
                    host: Some(
                        Domain(
                            "api.github.com",
                        ),
                    ),
                    port: None,
                    path: "/repos/ScuffleCloud/ci-testing/merges",
                    query: None,
                    fragment: None,
                },
            ),
            milestones_url: Some(
                Url {
                    scheme: "https",
                    cannot_be_a_base: false,
                    username: "",
                    password: None,
                    host: Some(
                        Domain(
                            "api.github.com",
                        ),
                    ),
                    port: None,
                    path: "/repos/ScuffleCloud/ci-testing/milestones%7B/number%7D",
                    query: None,
                    fragment: None,
                },
            ),
            notifications_url: Some(
                Url {
                    scheme: "https",
                    cannot_be_a_base: false,
                    username: "",
                    password: None,
                    host: Some(
                        Domain(
                            "api.github.com",
                        ),
                    ),
                    port: None,
                    path: "/repos/ScuffleCloud/ci-testing/notifications%7B",
                    query: Some(
                        "since,all,participating}",
                    ),
                    fragment: None,
                },
            ),
            pulls_url: Some(
                Url {
                    scheme: "https",
                    cannot_be_a_base: false,
                    username: "",
                    password: None,
                    host: Some(
                        Domain(
                            "api.github.com",
                        ),
                    ),
                    port: None,
                    path: "/repos/ScuffleCloud/ci-testing/pulls%7B/number%7D",
                    query: None,
                    fragment: None,
                },
            ),
            releases_url: Some(
                Url {
                    scheme: "https",
                    cannot_be_a_base: false,
                    username: "",
                    password: None,
                    host: Some(
                        Domain(
                            "api.github.com",
                        ),
                    ),
                    port: None,
                    path: "/repos/ScuffleCloud/ci-testing/releases%7B/id%7D",
                    query: None,
                    fragment: None,
                },
            ),
            ssh_url: Some(
                "git@github.com:ScuffleCloud/ci-testing.git",
            ),
            stargazers_url: Some(
                Url {
                    scheme: "https",
                    cannot_be_a_base: false,
                    username: "",
                    password: None,
                    host: Some(
                        Domain(
                            "api.github.com",
                        ),
                    ),
                    port: None,
                    path: "/repos/ScuffleCloud/ci-testing/stargazers",
                    query: None,
                    fragment: None,
                },
            ),
            statuses_url: Some(
                Url {
                    scheme: "https",
                    cannot_be_a_base: false,
                    username: "",
                    password: None,
                    host: Some(
                        Domain(
                            "api.github.com",
                        ),
                    ),
                    port: None,
                    path: "/repos/ScuffleCloud/ci-testing/statuses/%7Bsha%7D",
                    query: None,
                    fragment: None,
                },
            ),
            subscribers_url: Some(
                Url {
                    scheme: "https",
                    cannot_be_a_base: false,
                    username: "",
                    password: None,
                    host: Some(
                        Domain(
                            "api.github.com",
                        ),
                    ),
                    port: None,
                    path: "/repos/ScuffleCloud/ci-testing/subscribers",
                    query: None,
                    fragment: None,
                },
            ),
            subscription_url: Some(
                Url {
                    scheme: "https",
                    cannot_be_a_base: false,
                    username: "",
                    password: None,
                    host: Some(
                        Domain(
                            "api.github.com",
                        ),
                    ),
                    port: None,
                    path: "/repos/ScuffleCloud/ci-testing/subscription",
                    query: None,
                    fragment: None,
                },
            ),
            tags_url: Some(
                Url {
                    scheme: "https",
                    cannot_be_a_base: false,
                    username: "",
                    password: None,
                    host: Some(
                        Domain(
                            "api.github.com",
                        ),
                    ),
                    port: None,
                    path: "/repos/ScuffleCloud/ci-testing/tags",
                    query: None,
                    fragment: None,
                },
            ),
            teams_url: Some(
                Url {
                    scheme: "https",
                    cannot_be_a_base: false,
                    username: "",
                    password: None,
                    host: Some(
                        Domain(
                            "api.github.com",
                        ),
                    ),
                    port: None,
                    path: "/repos/ScuffleCloud/ci-testing/teams",
                    query: None,
                    fragment: None,
                },
            ),
            trees_url: Some(
                Url {
                    scheme: "https",
                    cannot_be_a_base: false,
                    username: "",
                    password: None,
                    host: Some(
                        Domain(
                            "api.github.com",
                        ),
                    ),
                    port: None,
                    path: "/repos/ScuffleCloud/ci-testing/git/trees%7B/sha%7D",
                    query: None,
                    fragment: None,
                },
            ),
            clone_url: Some(
                Url {
                    scheme: "https",
                    cannot_be_a_base: false,
                    username: "",
                    password: None,
                    host: Some(
                        Domain(
                            "github.com",
                        ),
                    ),
                    port: None,
                    path: "/ScuffleCloud/ci-testing.git",
                    query: None,
                    fragment: None,
                },
            ),
            mirror_url: None,
            hooks_url: Some(
                Url {
                    scheme: "https",
                    cannot_be_a_base: false,
                    username: "",
                    password: None,
                    host: Some(
                        Domain(
                            "api.github.com",
                        ),
                    ),
                    port: None,
                    path: "/repos/ScuffleCloud/ci-testing/hooks",
                    query: None,
                    fragment: None,
                },
            ),
            svn_url: Some(
                Url {
                    scheme: "https",
                    cannot_be_a_base: false,
                    username: "",
                    password: None,
                    host: Some(
                        Domain(
                            "github.com",
                        ),
                    ),
                    port: None,
                    path: "/ScuffleCloud/ci-testing",
                    query: None,
                    fragment: None,
                },
            ),
            homepage: None,
            language: Some(
                String("Rust"),
            ),
            forks_count: Some(
                1,
            ),
            stargazers_count: Some(
                1,
            ),
            watchers_count: Some(
                1,
            ),
            size: Some(
                50,
            ),
            default_branch: Some(
                "main",
            ),
            open_issues_count: Some(
                1,
            ),
            is_template: Some(
                false,
            ),
            topics: Some(
                [],
            ),
            has_issues: Some(
                false,
            ),
            has_projects: Some(
                false,
            ),
            has_wiki: Some(
                false,
            ),
            has_pages: Some(
                false,
            ),
            has_downloads: Some(
                true,
            ),
            archived: Some(
                false,
            ),
            disabled: Some(
                false,
            ),
            visibility: Some(
                "public",
            ),
            pushed_at: Some(
                2024-12-20T21:01:28Z,
            ),
            created_at: Some(
                2024-12-06T22:01:32Z,
            ),
            updated_at: Some(
                2024-12-20T16:47:40Z,
            ),
            permissions: None,
            allow_rebase_merge: None,
            template_repository: None,
            allow_squash_merge: None,
            allow_merge_commit: None,
            allow_update_branch: None,
            allow_forking: Some(
                true,
            ),
            subscribers_count: None,
            network_count: None,
            license: None,
            allow_auto_merge: None,
            delete_branch_on_merge: None,
            parent: None,
            source: None,
        },
    ),
    installation: Some(
        Minimal(
            EventInstallationId {
                id: InstallationId(
                    58286822,
                ),
                node_id: "MDIzOkludGVncmF0aW9uSW5zdGFsbGF0aW9uNTgyODY4MjI=",
            },
        ),
    ),
    kind: Create,
    specific: Create(
        CreateWebhookEventPayload {
            description: Some(
                "repo used to test ci design ",
            ),
            enterprise: None,
            master_branch: "main",
            pusher_type: User,
            ref: "automation/brawl/try/22",
            ref_type: Branch,
        },
    ),
}
